// Jest Snapshot v1, https://goo.gl/fbAQLP

exports[`Workouts Matches snapshot 1`] = `
<div>
  <div
    class="pf-v5-c-panel"
  >
    <div
      class="pf-v5-c-panel__header"
    >
      <h2
        class="pf-v5-c-title pf-m-xl"
        data-ouia-component-id="OUIA-Generated-Title-1"
        data-ouia-component-type="PF5/Title"
        data-ouia-safe="true"
      >
        Workouts
      </h2>
    </div>
    <hr
      class="pf-v5-c-divider"
    />
    <div
      class="pf-v5-c-panel__main"
    >
      <div
        class="pf-v5-c-panel__main-body"
      >
        <form
          class="pf-v5-c-form"
          novalidate=""
        >
          <div
            class="pf-v5-c-form__group"
          >
            <div
              class="pf-v5-c-form__group-label"
            >
              <label
                class="pf-v5-c-form__label"
              >
                <span
                  class="pf-v5-c-form__label-text"
                >
                  Workout Date
                </span>
              </label>
               
            </div>
            <div
              class="pf-v5-c-form__group-control"
            >
              <div
                class="pf-v5-c-date-picker"
                style="--pf-v5-c-date-picker__input--c-form-control--width-chars: 10;"
              >
                <div
                  class="pf-v5-c-date-picker__input"
                >
                  <div
                    class="pf-v5-c-input-group"
                  >
                    <div
                      class="pf-v5-c-input-group__item"
                    >
                      <span
                        class="pf-v5-c-form-control"
                      >
                        <input
                          aria-invalid="false"
                          aria-label="Date picker"
                          data-ouia-component-id="OUIA-Generated-TextInputBase-1"
                          data-ouia-component-type="PF5/TextInput"
                          data-ouia-safe="true"
                          placeholder="YYYY-MM-DD"
                          type="text"
                          value="2024-12-28"
                        />
                      </span>
                    </div>
                    <div
                      class="pf-v5-c-input-group__item"
                    >
                      <button
                        aria-label="Toggle date picker"
                        class="pf-v5-c-button pf-m-control"
                        type="button"
                      >
                        <svg
                          aria-hidden="true"
                          class="pf-v5-svg"
                          fill="currentColor"
                          height="1em"
                          role="img"
                          viewBox="0 0 448 512"
                          width="1em"
                        >
                          <path
                            d="M148 288h-40c-6.6 0-12-5.4-12-12v-40c0-6.6 5.4-12 12-12h40c6.6 0 12 5.4 12 12v40c0 6.6-5.4 12-12 12zm108-12v-40c0-6.6-5.4-12-12-12h-40c-6.6 0-12 5.4-12 12v40c0 6.6 5.4 12 12 12h40c6.6 0 12-5.4 12-12zm96 0v-40c0-6.6-5.4-12-12-12h-40c-6.6 0-12 5.4-12 12v40c0 6.6 5.4 12 12 12h40c6.6 0 12-5.4 12-12zm-96 96v-40c0-6.6-5.4-12-12-12h-40c-6.6 0-12 5.4-12 12v40c0 6.6 5.4 12 12 12h40c6.6 0 12-5.4 12-12zm-96 0v-40c0-6.6-5.4-12-12-12h-40c-6.6 0-12 5.4-12 12v40c0 6.6 5.4 12 12 12h40c6.6 0 12-5.4 12-12zm192 0v-40c0-6.6-5.4-12-12-12h-40c-6.6 0-12 5.4-12 12v40c0 6.6 5.4 12 12 12h40c6.6 0 12-5.4 12-12zm96-260v352c0 26.5-21.5 48-48 48H48c-26.5 0-48-21.5-48-48V112c0-26.5 21.5-48 48-48h48V12c0-6.6 5.4-12 12-12h40c6.6 0 12 5.4 12 12v52h128V12c0-6.6 5.4-12 12-12h40c6.6 0 12 5.4 12 12v52h48c26.5 0 48 21.5 48 48zm-48 346V160H48v298c0 3.3 2.7 6 6 6h340c3.3 0 6-2.7 6-6z"
                          />
                        </svg>
                      </button>
                    </div>
                  </div>
                </div>
              </div>
            </div>
          </div>
          <div
            class="pf-v5-c-form__group"
          >
            <div
              class="pf-v5-c-form__group-label"
            >
              <label
                class="pf-v5-c-form__label"
              >
                <span
                  class="pf-v5-c-form__label-text"
                >
                  Exercises
                </span>
              </label>
               
            </div>
            <div
              class="pf-v5-c-form__group-control"
            >
              <table
                class="pf-v5-c-table pf-m-grid-md"
                data-ouia-component-id="OUIA-Generated-Table-1"
                data-ouia-component-type="PF5/Table"
                data-ouia-safe="true"
                role="grid"
              >
                <thead
                  class="pf-v5-c-table__thead"
                >
                  <tr
                    class="pf-v5-c-table__tr"
                    data-ouia-component-id="OUIA-Generated-TableRow-1"
                    data-ouia-component-type="PF5/TableRow"
                    data-ouia-safe="true"
                  >
                    <th
                      class="pf-v5-c-table__th"
                      scope="col"
                      tabindex="-1"
                    >
                      Name
                    </th>
                    <th
                      class="pf-v5-c-table__th"
                      scope="col"
                      tabindex="-1"
                    >
                      Lbs
                    </th>
                    <th
                      class="pf-v5-c-table__th"
                      scope="col"
                      tabindex="-1"
                    >
                      Reps
                    </th>
                    <th
                      class="pf-v5-c-table__th"
                      scope="col"
                      tabindex="-1"
                    >
                      Sets
                    </th>
                    <th
                      class="pf-v5-c-table__th"
                      scope="col"
                      tabindex="-1"
                    >
                      Action
                    </th>
                  </tr>
                </thead>
                <tbody
                  class="pf-v5-c-table__tbody"
                  role="rowgroup"
                >
                  <tr
                    class="pf-v5-c-table__tr"
                    data-ouia-component-id="OUIA-Generated-TableRow-2"
                    data-ouia-component-type="PF5/TableRow"
                    data-ouia-safe="true"
                  >
                    <td
                      class="pf-v5-c-table__td"
                      colspan="4"
                      tabindex="-1"
                    />
                    <td
                      class="pf-v5-c-table__td"
                      tabindex="-1"
                    >
                      <button
                        aria-disabled="false"
                        class="pf-v5-c-button pf-m-primary"
                        data-ouia-component-id="OUIA-Generated-Button-primary-1"
                        data-ouia-component-type="PF5/Button"
                        data-ouia-safe="true"
                        type="button"
                      >
                        Add
                      </button>
                    </td>
                  </tr>
                </tbody>
              </table>
            </div>
          </div>
          <div
            class="pf-v5-c-form__group pf-m-action"
          >
            <div
              class="pf-v5-c-form__group-control"
            >
              <div
                class="pf-v5-c-form__actions"
              >
                <button
                  aria-disabled="false"
                  class="pf-v5-c-button pf-m-primary"
                  data-ouia-component-id="OUIA-Generated-Button-primary-2"
                  data-ouia-component-type="PF5/Button"
                  data-ouia-safe="true"
                  type="button"
                >
                  Save Workout
                </button>
              </div>
            </div>
          </div>
        </form>
      </div>
    </div>
  </div>
</div>
`;
